spec testdata/spec_errors/unknown_field.yaml: yaml: unmarshal errors:
  line 2: unknown field "bogus"
  valid top-level fields: name, model, system_prompt, system_prompt_file, tools, max_generation_steps, permissions, mode, budget, allowed_tools, description, agents, agents_dynamic, escalate, receipts, outputs, sandbox, mcp
  (run `agentrunner init` for a commented example spec)
