spec testdata/spec_errors/unknown_tool.yaml: field tools: unknown tool "web_search" (known: [ask_user bash edit_file exit_plan_mode finish_series glob goal_complete goal_status grep handoff_agent kill output progress_update publish_artifact publish_note read_file read_notes schedule_next semantic_search send_message skill spawn_agent web_fetch write_file])
